---
source: crates/wit-compiler/src/queries/lowering.rs
info:
  src: "interface i { f: func() -> (a: u32, b: option<string>); }"
  ast: "(source_file (top_level_item (interface_item name: (identifier) items: (interface_items (func_item name: (identifier) ty: (func_type params: (param_list) result: (result_list (named_result_list (named_type name: (identifier) ty: (ty (builtins))) (named_type name: (identifier) ty: (ty (option (ty (builtins)))))))))))))"
---
Package {
    docs: None,
    id: None,
    worlds: {},
    interfaces: {
        InterfaceIndex {
            file: FilePath(
                Id {
                    value: 1,
                },
            ),
            index: RawIndex(
                1,
            ),
        }: Interface {
            name: Ident(
                Id {
                    value: 1,
                },
            ),
            docs: None,
            items: [
                Func(
                    FuncItem {
                        name: Ident(
                            Id {
                                value: 2,
                            },
                        ),
                        index: Standalone(
                            FunctionIndex {
                                file: FilePath(
                                    Id {
                                        value: 1,
                                    },
                                ),
                                index: RawIndex(
                                    1,
                                ),
                            },
                        ),
                        docs: None,
                        params: [],
                        return_value: Some(
                            Named(
                                {
                                    "a": Builtin(
                                        U32,
                                    ),
                                    "b": Option(
                                        Builtin(
                                            String,
                                        ),
                                    ),
                                },
                            ),
                        ),
                    },
                ),
            ],
        },
    },
}
