---
source: crates/wit-compiler/src/queries/lowering.rs
info:
  src: "interface i { flags foo { first } }"
  ast: "(source_file (top_level_item (interface_item name: (identifier) items: (interface_items (typedef_item (flags_item name: (identifier) cases: (flags_case name: (identifier))))))))"
---
Package {
    docs: None,
    id: None,
    worlds: {},
    interfaces: {
        InterfaceIndex {
            file: FilePath(
                Id {
                    value: 1,
                },
            ),
            index: RawIndex(
                1,
            ),
        }: Interface {
            name: Ident(
                Id {
                    value: 1,
                },
            ),
            docs: None,
            items: [
                Type(
                    Flags(
                        Flags {
                            name: Ident(
                                Id {
                                    value: 3,
                                },
                            ),
                            index: FlagsIndex {
                                file: FilePath(
                                    Id {
                                        value: 1,
                                    },
                                ),
                                index: RawIndex(
                                    1,
                                ),
                            },
                            docs: None,
                            cases: [
                                FlagsCase {
                                    name: Ident(
                                        Id {
                                            value: 2,
                                        },
                                    ),
                                    docs: None,
                                },
                            ],
                        },
                    ),
                ),
            ],
        },
    },
}
