---
source: crates/wit-compiler/src/queries/parsing.rs
expression: diags
---
[
    MismatchedPackageDeclaration(
        MismatchedPackageDeclaration {
            second_id: PackageId(
                Id {
                    value: 2,
                },
            ),
            second_location: Location {
                filename: FilePath(
                    second.wit,
                ),
                range: Range {
                    start_byte: 0,
                    end_byte: 23,
                    start_point: Point {
                        row: 0,
                        column: 0,
                    },
                    end_point: Point {
                        row: 0,
                        column: 23,
                    },
                },
            },
            original_id: PackageId(
                Id {
                    value: 1,
                },
            ),
            original_definition: Location {
                filename: FilePath(
                    first.wit,
                ),
                range: Range {
                    start_byte: 0,
                    end_byte: 22,
                    start_point: Point {
                        row: 0,
                        column: 0,
                    },
                    end_point: Point {
                        row: 0,
                        column: 22,
                    },
                },
            },
        },
    ),
]
