---
source: crates/wit-compiler/src/queries/lowering.rs
info:
  src: "interface i { type x = list<u32>; }"
  ast: "(source_file (top_level_item (interface_item name: (identifier) items: (interface_items (typedef_item (type_item name: (identifier) ty: (ty (list (ty (builtins))))))))))"
---
Package {
    decl: None,
    worlds: [],
    interfaces: [
        Interface {
            name: i,
            docs: None,
            items: [
                TypeAlias(
                    TypeAlias {
                        name: x,
                        docs: None,
                        ty: List(
                            Builtin(
                                U32,
                            ),
                        ),
                    },
                ),
            ],
        },
    ],
}
