---
source: crates/wit-compiler/src/queries/lowering.rs
info:
  src: "interface i { flags empty {} }"
  ast: "(source_file (top_level_item (interface_item name: (identifier) items: (interface_items (typedef_item (flags_item name: (identifier)))))))"
---
Package {
    decl: None,
    worlds: {},
    interfaces: {
        InterfaceIndex(0): Interface {
            name: i,
            docs: None,
            items: [
                Flags(
                    Flags {
                        name: empty,
                        index: FlagsIndex(0),
                        docs: None,
                        cases: [],
                    },
                ),
            ],
        },
    },
}
