---
source: crates/wit-compiler/src/queries/lowering.rs
info:
  src: "world empty {}"
  ast: "(source_file (top_level_item (world_item name: (identifier))))"
---
Package {
    docs: None,
    id: None,
    worlds: {
        WorldIndex {
            file: FilePath(
                Id {
                    value: 1,
                },
            ),
            index: RawIndex(
                1,
            ),
        }: World {
            name: Ident(
                Id {
                    value: 1,
                },
            ),
            docs: None,
            type_definitions: [],
        },
    },
    interfaces: {},
}
