---
source: crates/wit-compiler/src/queries/lowering.rs
info:
  src: "interface i { resource r { constructor(arg1: string, arg2: bool); } }"
  ast: "(source_file (top_level_item (interface_item name: (identifier) items: (interface_items (typedef_item (resource_item name: (identifier) methods: (resource_method (resource_constructor params: (param_list params: (named_type name: (identifier) ty: (ty (builtins))) params: (named_type name: (identifier) ty: (ty (builtins))))))))))))"
---
Package {
    docs: None,
    id: None,
    worlds: {},
    interfaces: {
        InterfaceIndex {
            file: FilePath(
                Id {
                    value: 1,
                },
            ),
            index: RawIndex(
                1,
            ),
        }: Interface {
            name: Ident(
                Id {
                    value: 1,
                },
            ),
            docs: None,
            items: [
                Type(
                    Resource(
                        Resource {
                            name: Ident(
                                Id {
                                    value: 2,
                                },
                            ),
                            index: ResourceIndex {
                                file: FilePath(
                                    Id {
                                        value: 1,
                                    },
                                ),
                                index: RawIndex(
                                    1,
                                ),
                            },
                            docs: None,
                            constructor: Some(
                                Constructor {
                                    docs: None,
                                    params: [
                                        Parameter {
                                            name: Ident(
                                                Id {
                                                    value: 3,
                                                },
                                            ),
                                            docs: None,
                                            ty: Builtin(
                                                String,
                                            ),
                                        },
                                        Parameter {
                                            name: Ident(
                                                Id {
                                                    value: 4,
                                                },
                                            ),
                                            docs: None,
                                            ty: Builtin(
                                                Boolean,
                                            ),
                                        },
                                    ],
                                },
                            ),
                            methods: [],
                            static_methods: [],
                        },
                    ),
                ),
            ],
        },
    },
}
