---
source: crates/wit-compiler/src/queries/lowering.rs
info:
  src: "#$"
  ast: "(source_file (ERROR (UNEXPECTED '#')))"
---
[
    SyntaxError(
        SyntaxError {
            rule: "source_file",
            location: Location {
                filename: FilePath(
                    Id {
                        value: 1,
                    },
                ),
                range: Range {
                    start_byte: 0,
                    end_byte: 2,
                    start_point: Point {
                        row: 0,
                        column: 0,
                    },
                    end_point: Point {
                        row: 0,
                        column: 2,
                    },
                },
            },
        },
    ),
    SyntaxError(
        SyntaxError {
            rule: "ERROR",
            location: Location {
                filename: FilePath(
                    Id {
                        value: 1,
                    },
                ),
                range: Range {
                    start_byte: 0,
                    end_byte: 2,
                    start_point: Point {
                        row: 0,
                        column: 0,
                    },
                    end_point: Point {
                        row: 0,
                        column: 2,
                    },
                },
            },
        },
    ),
]
