---
source: crates/wit-compiler/src/queries/lowering.rs
info:
  src: "interface i { type x = tuple<string, bool, u32>; }"
  ast: "(source_file (top_level_item (interface_item name: (identifier) items: (interface_items (typedef_item (type_item name: (identifier) ty: (ty (tuple (ty (builtins)) (ty (builtins)) (ty (builtins))))))))))"
---
Package {
    decl: None,
    worlds: {},
    interfaces: {
        InterfaceIndex(0): Interface {
            name: i,
            docs: None,
            items: [
                TypeAlias(
                    TypeAlias {
                        name: x,
                        index: TypeAliasIndex(0),
                        docs: None,
                        ty: Tuple(
                            [
                                Builtin(
                                    String,
                                ),
                                Builtin(
                                    Boolean,
                                ),
                                Builtin(
                                    U32,
                                ),
                            ],
                        ),
                    },
                ),
            ],
        },
    },
}
