---
source: crates/wit-compiler/src/queries/lowering.rs
info:
  src: "interface empty {}"
  ast: "(source_file (top_level_item (interface_item name: (identifier))))"
---
Package {
    docs: None,
    id: None,
    worlds: {},
    interfaces: {
        InterfaceIndex {
            file: FilePath(
                Id {
                    value: 1,
                },
            ),
            index: RawIndex(
                1,
            ),
        }: Interface {
            name: Ident(
                Id {
                    value: 1,
                },
            ),
            docs: None,
            items: [],
        },
    },
}
